../Core/Src/oled.c:9:6:OLED_ColorTurn	16	static
../Core/Src/oled.c:22:6:OLED_DisplayTurn	16	static
../Core/Src/oled.c:37:6:IIC_delay	16	static
../Core/Src/oled.c:44:6:I2C_Start	8	static
../Core/Src/oled.c:56:6:I2C_Stop	8	static
../Core/Src/oled.c:65:6:I2C_WaitAck	8	static
../Core/Src/oled.c:76:6:Send_Byte	24	static
../Core/Src/oled.c:99:6:OLED_WR_Byte	16	static
../Core/Src/oled.c:113:6:OLED_DisPlay_On	8	static
../Core/Src/oled.c:121:6:OLED_DisPlay_Off	8	static
../Core/Src/oled.c:129:6:OLED_Refresh	16	static
../Core/Src/oled.c:151:6:OLED_Clear	16	static
../Core/Src/oled.c:168:6:OLED_DrawPoint	24	static
../Core/Src/oled.c:186:6:OLED_DrawLine	64	static
../Core/Src/oled.c:222:6:OLED_DrawCircle	32	static
../Core/Src/oled.c:256:6:OLED_ShowChar	32	static
../Core/Src/oled.c:294:6:OLED_ShowString	32	static
../Core/Src/oled.c:306:10:OLED_Pow	24	static
../Core/Src/oled.c:322:6:OLED_ShowNum	40	static
../Core/Src/oled.c:344:6:OLED_ShowChinese	40	static
../Core/Src/oled.c:377:6:OLED_ScrollDisplay	40	static
../Core/Src/oled.c:419:6:OLED_ShowPicture	32	static
../Core/Src/oled.c:449:6:OLED_Init	8	static
